
> react-kavia@0.1.0 start
> cross-env EDIT_MODE=true webpack serve --config .ve/webpack.config.js --mode development

<i> [webpack-dev-server] Project is running at:
<i> [webpack-dev-server] Loopback: http://localhost:3000/, http://[::1]:3000/
<i> [webpack-dev-server] On Your Network (IPv4): http://172.17.0.2:3000/
<i> [webpack-dev-server] Content not from webpack is served from './public' directory
asset bundle.js 1.66 MiB [emitted] (name: main)
asset index.html 1.92 KiB [emitted]
runtime modules 27.5 KiB 14 modules
cacheable modules 1.48 MiB
  modules by path ./node_modules/ 1.24 MiB 30 modules
  modules by path ./src/ 245 KiB
    modules by path ./src/*.js 229 KiB
      optional modules 21.7 KiB [optional] 5 modules
      + 18 modules
    modules by path ./src/*.css 16.1 KiB
      ./src/index.css 2.23 KiB [built] [code generated]
      ./node_modules/css-loader/dist/cjs.js!./src/index.css 875 bytes [built] [code generated]
      ./src/App.css 2.22 KiB [built] [code generated]
      ./node_modules/css-loader/dist/cjs.js!./src/App.css 10.8 KiB [built] [code generated]
webpack 5.99.9 compiled successfully in 2210 ms
assets by status 1.92 KiB [cached] 1 asset
assets by path *.js 1.69 MiB
  asset bundle.js 1.66 MiB [emitted] (name: main)
  asset main.aec2eddcebd0a7db2744.hot-update.js 24.8 KiB [emitted] [immutable] [hmr] (name: main)
asset main.aec2eddcebd0a7db2744.hot-update.json 28 bytes [emitted] [immutable] [hmr]
Entrypoint main 1.69 MiB = bundle.js 1.66 MiB main.aec2eddcebd0a7db2744.hot-update.js 24.8 KiB
cached modules 1.46 MiB [cached] 56 modules
runtime modules 27.5 KiB 14 modules
./src/App.js 17.2 KiB [built] [code generated]
webpack 5.99.9 compiled successfully in 184 ms
assets by status 1.92 KiB [cached] 1 asset
assets by path *.js 1.69 MiB
  asset bundle.js 1.66 MiB [emitted] (name: main)
  asset main.12038c2f6a58368ce649.hot-update.js 25.2 KiB [emitted] [immutable] [hmr] (name: main)
asset main.12038c2f6a58368ce649.hot-update.json 28 bytes [emitted] [immutable] [hmr]
Entrypoint main 1.69 MiB = bundle.js 1.66 MiB main.12038c2f6a58368ce649.hot-update.js 25.2 KiB
cached modules 1.46 MiB [cached] 56 modules
runtime modules 27.5 KiB 14 modules
./src/App.js 17.5 KiB [built] [code generated]
webpack 5.99.9 compiled successfully in 105 ms
assets by status 1.92 KiB [cached] 1 asset
assets by path *.js 1.7 MiB
  asset bundle.js 1.67 MiB [emitted] (name: main)
  asset main.754084eb94380db6167a.hot-update.js 32.7 KiB [emitted] [immutable] [hmr] (name: main)
asset main.754084eb94380db6167a.hot-update.json 28 bytes [emitted] [immutable] [hmr]
Entrypoint main 1.7 MiB = bundle.js 1.67 MiB main.754084eb94380db6167a.hot-update.js 32.7 KiB
cached modules 1.46 MiB [cached] 56 modules
runtime modules 27.5 KiB 14 modules
./src/App.js 23.8 KiB [built] [code generated]
webpack 5.99.9 compiled successfully in 129 ms
assets by status 1.92 KiB [cached] 1 asset
assets by path *.js 1.7 MiB
  asset bundle.js 1.67 MiB [emitted] (name: main)
  asset main.e3e4f2df3558c4660ab9.hot-update.js 32.7 KiB [emitted] [immutable] [hmr] (name: main)
asset main.e3e4f2df3558c4660ab9.hot-update.json 28 bytes [emitted] [immutable] [hmr]
Entrypoint main 1.7 MiB = bundle.js 1.67 MiB main.e3e4f2df3558c4660ab9.hot-update.js 32.7 KiB
cached modules 1.46 MiB [cached] 56 modules
runtime modules 27.5 KiB 14 modules
./src/App.js 23.8 KiB [built] [code generated]
webpack 5.99.9 compiled successfully in 131 ms
